# TechNews
a curated list of popular tech news site.

```
2018-04-13T18:19:26.603+0800: 1483281.963: [GC (CMS Initial Mark) [1 CMS-initial-mark: 633111K(683264K)] 694498K(938816K), 0.0075347 secs] [Times: user=0.00 sys=0.00, real=0.00 secs]
2018-04-13T18:19:26.611+0800: 1483281.971: [CMS-concurrent-mark-start]
2018-04-13T18:19:27.120+0800: 1483282.480: [CMS-concurrent-mark: 0.509/0.509 secs] [Times: user=0.34 sys=0.22, real=0.51 secs]
2018-04-13T18:19:27.120+0800: 1483282.480: [CMS-concurrent-preclean-start]
2018-04-13T18:19:27.126+0800: 1483282.486: [CMS-concurrent-preclean: 0.006/0.006 secs] [Times: user=0.00 sys=0.00, real=0.01 secs]
2018-04-13T18:19:27.126+0800: 1483282.486: [CMS-concurrent-abortable-preclean-start]
 CMS: abort preclean due to time 2018-04-13T18:19:32.167+0800: 1483287.527: [CMS-concurrent-abortable-preclean: 2.318/5.041 secs] [Times: user=3.17 sys=0.00, real=5.04 secs]
2018-04-13T18:19:32.169+0800: 1483287.529: [GC (CMS Final Remark) [YG occupancy: 120198 K (255552 K)]2018-04-13T18:19:32.169+0800: 1483287.529: [Rescan (parallel) , 0.0394614 secs]2018-04-13T18:19:32.208+0800: 1483287.568: [weak refs processing, 0.0201829 secs]2018-04-13T18:19:32.229+0800: 1483287.589: [class unloading, 0.0406533 secs]2018-04-13T18:19:32.269+0800: 1483287.629: [scrub symbol table, 0.0166035 secs]2018-04-13T18:19:32.286+0800: 1483287.646: [scrub string table, 0.0021343 secs][1 CMS-remark: 633111K(683264K)] 753309K(938816K), 0.1198461 secs] [Times: user=0.08 sys=0.00, real=0.12 secs]
2018-04-13T18:19:32.289+0800: 1483287.649: [CMS-concurrent-sweep-start]
2018-04-13T18:19:32.476+0800: 1483287.836: [CMS-concurrent-sweep: 0.184/0.187 secs] [Times: user=0.13 sys=0.10, real=0.19 secs]
2018-04-13T18:19:32.476+0800: 1483287.836: [CMS-concurrent-reset-start]
2018-04-13T18:19:32.478+0800: 1483287.838: [CMS-concurrent-reset: 0.002/0.002 secs] [Times: user=0.00 sys=0.00, real=0.00 secs]
2018-04-13T18:19:42.496+0800: 1483297.856: [GC (Allocation Failure) 2018-04-13T18:19:42.496+0800: 1483297.856: [ParNew: 229994K->53205K(255552K), 0.0420159 secs] 662453K->496158K(938816K), 0.0422434 secs] [Times: user=0.03 sys=0.02, real=0.04 secs]
2018-04-13T18:19:57.087+0800: 1483312.447: [GC (Allocation Failure) 2018-04-13T18:19:57.088+0800: 1483312.448: [ParNew: 223230K->64097K(255552K), 0.0677583 secs] 666184K->522321K(938816K), 0.0679703 secs] [Times: user=0.06 sys=0.04, real=0.07 secs]
2018-04-13T18:20:09.807+0800: 1483325.167: [GC (Allocation Failure) 2018-04-13T18:20:09.807+0800: 1483325.167: [ParNew: 233850K->58784K(255552K), 0.0379784 secs] 692075K->531048K(938816K), 0.0381984 secs] [Times: user=0.03 sys=0.01, real=0.04 secs]
2018-04-13T18:20:25.528+0800: 1483340.888: [GC (Allocation Failure) 2018-04-13T18:20:25.529+0800: 1483340.889: [ParNew: 228501K->54850K(255552K), 0.0409449 secs] 700765K->541494K(938816K), 0.0412440 secs] [Times: user=0.00 sys=0.00, real=0.04 secs]
2018-04-13T18:20:43.359+0800: 1483358.719: [GC (Allocation Failure) 2018-04-13T18:20:43.359+0800: 1483358.719: [ParNew: 225218K->56901K(255552K), 0.0372050 secs] 711862K->555945K(938816K), 0.0374388 secs] [Times: user=0.03 sys=0.02, real=0.04 secs]
2018-04-13T18:20:58.379+0800: 1483373.739: [GC (Allocation Failure) 2018-04-13T18:20:58.379+0800: 1483373.739: [ParNew: 227269K->63152K(255552K), 0.0344978 secs] 726313K->580571K(938816K), 0.0347263 secs] [Times: user=0.03 sys=0.01, real=0.04 secs]
2018-04-13T18:21:13.159+0800: 1483388.519: [GC (Allocation Failure) 2018-04-13T18:21:13.159+0800: 1483388.519: [ParNew: 233520K->54736K(255552K), 0.0428988 secs] 750939K->582170K(938816K), 0.0431168 secs] [Times: user=0.03 sys=0.02, real=0.05 secs]
2018-04-13T18:21:26.299+0800: 1483401.659: [GC (Allocation Failure) 2018-04-13T18:21:26.299+0800: 1483401.659: [ParNew: 225104K->62338K(255552K), 0.0468682 secs] 752538K->598940K(938816K), 0.0470911 secs] [Times: user=0.04 sys=0.02, real=0.05 secs]
2018-04-13T18:21:42.224+0800: 1483417.584: [GC (Allocation Failure) 2018-04-13T18:21:42.224+0800: 1483417.584: [ParNew: 232706K->59632K(255552K), 0.0380540 secs] 769308K->606660K(938816K), 0.0383258 secs] [Times: user=0.04 sys=0.02, real=0.04 secs]
2018-04-13T18:22:05.666+0800: 1483441.026: [GC (Allocation Failure) 2018-04-13T18:22:05.666+0800: 1483441.026: [ParNew: 230000K->56942K(255552K), 0.0342006 secs] 777028K->617008K(938816K), 0.0344359 secs] [Times: user=0.03 sys=0.02, real=0.03 secs]
2018-04-13T18:22:22.471+0800: 1483457.831: [GC (Allocation Failure) 2018-04-13T18:22:22.471+0800: 1483457.831: [ParNew: 227305K->55341K(255552K), 0.0316468 secs] 787371K->623365K(938816K), 0.0318939 secs] [Times: user=0.03 sys=0.01, real=0.04 secs]
2018-04-13T18:22:38.493+0800: 1483473.853: [GC (Allocation Failure) 2018-04-13T18:22:38.493+0800: 1483473.853: [ParNew: 225709K->54660K(255552K), 0.0485365 secs] 793733K->630812K(938816K), 0.0487836 secs] [Times: user=0.00 sys=0.00, real=0.06 secs]

```
